// Jest Snapshot v1, https://goo.gl/fbAQLP

exports[`A repo container renders correctly 1`] = `
<div
  className="blue-grey lighten-1 card"
>
  <div
    className="card-content"
  >
    <span
      className="card-title activator"
    >
      full_name
      <i
        className="material-icons right"
        onClick={[Function]}
      >
        description
      </i>
    </span>
    <div>
      description
      <br />
      Primary Language: 
      language
      <br />
      Forks: 
      20
    </div>
  </div>
  <div
    className="card-reveal"
  >
    <span
      className="card-title"
    >
      full_name
      <i
        className="material-icons right"
      >
        close
      </i>
    </span>
    <div>
      <div>
        Author: 
        
      </div>
      <div>
        Date: 
        
      </div>
      <br />
      <div>
        Detais: 
        
      </div>
    </div>
  </div>
</div>
`;

exports[`whole app renders correctly 1`] = `
<div>
  <header>
    <div
      className="row"
    >
      <div
        className="col s12 m10 offset-m1"
      >
        <nav
          className="blue-grey darken-3"
        >
          <div
            className="nav-wrapper"
          >
            <div
              className="brand-logo"
            >
              Filter by language
            </div>
            <a
              className="sidenav-trigger"
              data-target="mobile-nav"
              href="#!"
            >
              <i
                className="material-icons"
              >
                menu
              </i>
            </a>
            <ul
              className="hide-on-med-and-down right"
            >
              <li>
                <a
                  onClick={[Function]}
                >
                  None
                </a>
              </li>
            </ul>
          </div>
        </nav>
        <ul
          className="sidenav right"
          id="mobile-nav"
        >
          <li>
            <a
              onClick={[Function]}
            >
              None
            </a>
          </li>
        </ul>
        <div>
          Loading...
        </div>
      </div>
    </div>
  </header>
</div>
`;
